Unable to retrieve content
Unable to retrieve content
Unable to retrieve content
Unable to retrieve content
Unable to retrieve content
Unable to retrieve content
Unable to retrieve content
Unable to retrieve content
Unable to retrieve content
Unable to retrieve content
Unable to retrieve content
Unable to retrieve content
Unable to retrieve content
Unable to retrieve content
Unable to retrieve content
Unable to retrieve content
Unable to retrieve content
Unable to retrieve content
Unable to retrieve content
Unable to retrieve content
Unable to retrieve content
Unable to retrieve content
Unable to retrieve content
Unable to retrieve content
Unable to retrieve content
Unable to retrieve content
Unable to retrieve content
Unable to retrieve content
Unable to retrieve content
Unable to retrieve content
Unable to retrieve content
Unable to retrieve content
Unable to retrieve content
Unable to retrieve content
Unable to retrieve content
Unable to retrieve content
Unable to retrieve content
Unable to retrieve content
Unable to retrieve content
Unable to retrieve content
Unable to retrieve content
Unable to retrieve content
Unable to retrieve content
Unable to retrieve content
Unable to retrieve content
Unable to retrieve content
Unable to retrieve content
Unable to retrieve content
Unable to retrieve content
Unable to retrieve content
Unable to retrieve content
Unable to retrieve content
Unable to retrieve content
Unable to retrieve content
Unable to retrieve content
Unable to retrieve content
Unable to retrieve content
Unable to retrieve content
Unable to retrieve content
Unable to retrieve content
Unable to retrieve content
Unable to retrieve content
Unable to retrieve content
Unable to retrieve content
Unable to retrieve content
Unable to retrieve content
Unable to retrieve content
Unable to retrieve content
Unable to retrieve content
Unable to retrieve content
Unable to retrieve content
Unable to retrieve content
Unable to retrieve content
Unable to retrieve content
Unable to retrieve content
Unable to retrieve content
Unable to retrieve content
Unable to retrieve content
Unable to retrieve content
Unable to retrieve content
Unable to retrieve content
Unable to retrieve content
Unable to retrieve content
Unable to retrieve content
Unable to retrieve content
Unable to retrieve content
Unable to retrieve content
Unable to retrieve content
Unable to retrieve content
Unable to retrieve content
Unable to retrieve content
Unable to retrieve content
Unable to retrieve content
Unable to retrieve content
Unable to retrieve content
Unable to retrieve content
Unable to retrieve content
Unable to retrieve content
Unable to retrieve content
Unable to retrieve content
Unable to retrieve content
Unable to retrieve content
Unable to retrieve content
Unable to retrieve content
Unable to retrieve content
Unable to retrieve content
Unable to retrieve content
Unable to retrieve content
Unable to retrieve content
Unable to retrieve content
Unable to retrieve content
Unable to retrieve content
Unable to retrieve content
Unable to retrieve content
Unable to retrieve content
Unable to retrieve content
Unable to retrieve content
Unable to retrieve content
Unable to retrieve content
Unable to retrieve content
Unable to retrieve content
Unable to retrieve content
Unable to retrieve content
Unable to retrieve content
Unable to retrieve content
Unable to retrieve content
Unable to retrieve content
Unable to retrieve content
Unable to retrieve content
Unable to retrieve content
Unable to retrieve content
Unable to retrieve content
Unable to retrieve content
Unable to retrieve content
Unable to retrieve content
Unable to retrieve content
Unable to retrieve content
Unable to retrieve content
Unable to retrieve content
Unable to retrieve content
Unable to retrieve content
Unable to retrieve content
Unable to retrieve content
Unable to retrieve content
Unable to retrieve content
Unable to retrieve content
Unable to retrieve content
Unable to retrieve content
Unable to retrieve content
Unable to retrieve content
Unable to retrieve content
Unable to retrieve content
Unable to retrieve content
Unable to retrieve content
Unable to retrieve content
Unable to retrieve content
Unable to retrieve content
Unable to retrieve content
Unable to retrieve content
Unable to retrieve content
Unable to retrieve content
Unable to retrieve content
Unable to retrieve content
Unable to retrieve content
Unable to retrieve content
Unable to retrieve content
Unable to retrieve content
Unable to retrieve content
Unable to retrieve content
Unable to retrieve content
Unable to retrieve content
Unable to retrieve content
Unable to retrieve content
Unable to retrieve content
Unable to retrieve content
Unable to retrieve content
Unable to retrieve content
Unable to retrieve content
Unable to retrieve content
Unable to retrieve content
Unable to retrieve content
Unable to retrieve content
Unable to retrieve content
Unable to retrieve content
Unable to retrieve content
Unable to retrieve content
Unable to retrieve content
Unable to retrieve content
Unable to retrieve content
Unable to retrieve content
Unable to retrieve content
Unable to retrieve content
Unable to retrieve content
Unable to retrieve content
Unable to retrieve content
Unable to retrieve content
Unable to retrieve content
Unable to retrieve content
Unable to retrieve content
Unable to retrieve content
Unable to retrieve content
Unable to retrieve content
Unable to retrieve content
Unable to retrieve content
Unable to retrieve content
Unable to retrieve content
Unable to retrieve content
Unable to retrieve content
Unable to retrieve content
Unable to retrieve content
Unable to retrieve content
Unable to retrieve content
Unable to retrieve content
Unable to retrieve content
Unable to retrieve content
Unable to retrieve content
Unable to retrieve content
Unable to retrieve content
Unable to retrieve content
Unable to retrieve content
Unable to retrieve content
Unable to retrieve content
Unable to retrieve content
Unable to retrieve content
Unable to retrieve content
Unable to retrieve content
Unable to retrieve content
Unable to retrieve content
Unable to retrieve content
Unable to retrieve content
Unable to retrieve content
Unable to retrieve content
Unable to retrieve content
Unable to retrieve content
Unable to retrieve content
Unable to retrieve content
Unable to retrieve content
Unable to retrieve content
Unable to retrieve content
Unable to retrieve content
Unable to retrieve content
Unable to retrieve content
Unable to retrieve content
Unable to retrieve content
Unable to retrieve content
FAIL - Application already exists at path /HelloW
FAIL - Application already exists at path /HelloW
FAIL - Application already exists at path /HelloW
FAIL - Application already exists at path /HelloW
FAIL - Application already exists at path /HelloW
Unable to retrieve content
Unable to retrieve content
Unable to retrieve content
FAIL - Application already exists at path /HelloW
FAIL - Application already exists at path /HelloW
OK - Deployed application at context path /HelloW
OK - Started application at context path /HelloW
<html>
<head>
<title>Sample "Hello, World" Application</title>
</head>
<body bgcolor=white>

<table border="0">
<tr>
<td>
<img src="images/tomcat.gif">
</td>
<td>
<h1>Sample "Hello, World" Application</h1>
<p>This is the home page for a sample application used to illustrate the
source directory organization of a web application utilizing the principles
outlined in the Application Developer's Guide.
</td>
</tr>
</table>

<p>To prove that they work, you can execute either of the following links:
<ul>
<li>To a <a href="hello.jsp">JSP page</a>.
<li>To a <a href="hello">servlet</a>.
</ul>

</body>
</html>
OK - Undeployed application at context path /HelloW
FAIL - Application already exists at path /HelloW
FAIL - Application already exists at path /HelloW
OK - Undeployed application at context path /HelloW
FAIL - No context exists for path /HelloW
OK - Deployed application at context path /HelloW
OK - Started application at context path /HelloW
OK - Webapp /HelloW Available 
OK - Undeployed application at context path /HelloW
FAIL - Invalid context path asd was specified
0FAIL - Invalid context path asd was specified
0FAIL - Invalid context path asd was specified
0FAIL - Invalid context path asd was specified
0FAIL - Invalid context path asd was specified
0OK - Deployed application at context path /HelloW
OK - Started application at context path /HelloW
OK - Webapp /HelloW Available 
OK - Session information for application at context path /HelloW
Default maximum session inactive interval 30 minutes
>0 minutes: 0 sessions were expired
OK - Undeployed application at context path /HelloW
Unable to retrieve content
FAIL - /HelloW Not available 
OK - Deployed application at context path /HelloW
OK - Started application at context path /HelloW
OK - Webapp /HelloW Available 
OK - Session information for application at context path /HelloW
Default maximum session inactive interval 30 minutes
>0 minutes: 0 sessions were expired
OK - Undeployed application at context path /HelloW
Unable to retrieve content
FAIL - /HelloW Not available 
OK - Deployed application at context path /HelloW
OK - Started application at context path /HelloW
OK - Webapp /HelloW Available 
OK - Session information for application at context path /HelloW
Default maximum session inactive interval 30 minutes
>0 minutes: 0 sessions were expired
OK - Undeployed application at context path /HelloW
Unable to retrieve content
OK - /HelloW Not available 
OK - Deployed application at context path /HelloW
OK - Started application at context path /HelloW
OK - Webapp /HelloW Available 
OK - Session information for application at context path /HelloW
Default maximum session inactive interval 30 minutes
>0 minutes: 0 sessions were expired
OK - Undeployed application at context path /HelloW
Unable to retrieve content
OK - /HelloW Not available 
OK - Deployed application at context path /HelloW
OK - Started application at context path /HelloW
OK - Webapp /HelloW Available 
OK - Session information for application at context path /HelloW
Default maximum session inactive interval 30 minutes
>0 minutes: 0 sessions were expired
OK - Undeployed application at context path /HelloW
Unable to retrieve content
OK - /HelloW Not available 
FAIL - Failed to deploy application at context path /HelloW
0OK - Deployed application at context path /HelloW
OK - Started application at context path /HelloW
OK - Webapp /HelloW Available 
OK - Session information for application at context path /HelloW
Default maximum session inactive interval 30 minutes
>0 minutes: 0 sessions were expired
OK - Undeployed application at context path /HelloW
Unable to retrieve content
OK - /HelloW Not available 
OK - Deployed application at context path /HelloW
OK - Started application at context path /HelloW
OK - Webapp /HelloW Available 
OK - Session information for application at context path /HelloW
Default maximum session inactive interval 30 minutes
>0 minutes: 0 sessions were expired
OK - Stopped application at context path /HelloW
OK - Undeployed application at context path /HelloW
Unable to retrieve content
OK - /HelloW Not available 
OK - Deployed application at context path /HelloW
OK - Started application at context path /HelloW
OK - Webapp /HelloW Available 
OK - Session information for application at context path /HelloW
Default maximum session inactive interval 30 minutes
>0 minutes: 0 sessions were expired
OK - Stopped application at context path /HelloW
OK - Undeployed application at context path /HelloW
Unable to retrieve content
OK - /HelloW Not available 
OK - Deployed application at context path /HelloW
OK - Started application at context path /HelloW
OK - Webapp /HelloW Available 
OK - Session information for application at context path /HelloW
Default maximum session inactive interval 30 minutes
>0 minutes: 0 sessions were expired
OK - Stopped application at context path /HelloW
OK - Undeployed application at context path /HelloW
Unable to retrieve content
OK - /HelloW Not available 
OK - Deployed application at context path /HelloW
OK - Started application at context path /HelloW
OK - Webapp /HelloW Available 
OK - Session information for application at context path /HelloW
Default maximum session inactive interval 30 minutes
>0 minutes: 0 sessions were expired
OK - Stopped application at context path /HelloW
OK - Undeployed application at context path /HelloW
Unable to retrieve content
OK - /HelloW Not available 
OK - Deployed application at context path /HelloW
OK - Started application at context path /HelloW
OK - Webapp /HelloW Available 
OK - Session information for application at context path /HelloW
Default maximum session inactive interval 30 minutes
>0 minutes: 0 sessions were expired
OK - Stopped application at context path /HelloW
OK - Undeployed application at context path /HelloW
Unable to retrieve content
OK - /HelloW Not available 
Unable to retrieve content
0Unable to retrieve content
Unable to retrieve content
OK - /HelloW Not available 
Unable to retrieve content
Unable to retrieve content
Unable to retrieve content
Unable to retrieve content
OK - /HelloW Not available 
Unable to retrieve content
0Unable to retrieve content
Unable to retrieve content
OK - /HelloW Not available 
Unable to retrieve content
Unable to retrieve content
Unable to retrieve content
Unable to retrieve content
OK - /HelloW Not available 
Unable to retrieve content
0Unable to retrieve content
Unable to retrieve content
OK - /HelloW Not available 
Unable to retrieve content
Unable to retrieve content
Unable to retrieve content
Unable to retrieve content
OK - /HelloW Not available 
Unable to retrieve content
0Unable to retrieve content
Unable to retrieve content
OK - /HelloW Not available 
Unable to retrieve content
Unable to retrieve content
Unable to retrieve content
Unable to retrieve content
OK - /HelloW Not available 
Unable to retrieve content
0Unable to retrieve content
Unable to retrieve content
OK - /HelloW Not available 
Unable to retrieve content
Unable to retrieve content
Unable to retrieve content
Unable to retrieve content
OK - /HelloW Not available 
Unable to retrieve content
0Unable to retrieve content
Unable to retrieve content
OK - /HelloW Not available 
Unable to retrieve content
Unable to retrieve content
Unable to retrieve content
Unable to retrieve content
OK - /HelloW Not available 
Unable to retrieve content
0Unable to retrieve content
Unable to retrieve content
OK - /HelloW Not available 
Unable to retrieve content
Unable to retrieve content
Unable to retrieve content
Unable to retrieve content
OK - /HelloW Not available 
Unable to retrieve content
0Unable to retrieve content
Unable to retrieve content
OK - /HelloW Not available 
Unable to retrieve content
Unable to retrieve content
Unable to retrieve content
Unable to retrieve content
OK - /HelloW Not available 
Unable to retrieve content
0Unable to retrieve content
Unable to retrieve content
OK - /HelloW Not available 
Unable to retrieve content
Unable to retrieve content
Unable to retrieve content
Unable to retrieve content
OK - /HelloW Not available 
Unable to retrieve content
0Unable to retrieve content
Unable to retrieve content
OK - /HelloW Not available 
Unable to retrieve content
Unable to retrieve content
Unable to retrieve content
Unable to retrieve content
OK - /HelloW Not available 
Unable to retrieve content
0Unable to retrieve content
Unable to retrieve content
OK - /HelloW Not available 
Unable to retrieve content
Unable to retrieve content
Unable to retrieve content
Unable to retrieve content
OK - /HelloW Not available 
Unable to retrieve content
0Unable to retrieve content
Unable to retrieve content
OK - /HelloW Not available 
Unable to retrieve content
Unable to retrieve content
Unable to retrieve content
Unable to retrieve content
OK - /HelloW Not available 
Unable to retrieve content
0Unable to retrieve content
Unable to retrieve content
OK - /HelloW Not available 
Unable to retrieve content
Unable to retrieve content
Unable to retrieve content
Unable to retrieve content
OK - /HelloW Not available 
Unable to retrieve content
0Unable to retrieve content
Unable to retrieve content
OK - /HelloW Not available 
Unable to retrieve content
Unable to retrieve content
Unable to retrieve content
Unable to retrieve content
OK - /HelloW Not available 
Unable to retrieve content
0Unable to retrieve content
Unable to retrieve content
OK - /HelloW Not available 
Unable to retrieve content
Unable to retrieve content
Unable to retrieve content
Unable to retrieve content
OK - /HelloW Not available 
Unable to retrieve content
0Unable to retrieve content
Unable to retrieve content
OK - /HelloW Not available 
Unable to retrieve content
Unable to retrieve content
Unable to retrieve content
Unable to retrieve content
OK - /HelloW Not available 
Unable to retrieve content
0Unable to retrieve content
Unable to retrieve content
OK - /HelloW Not available 
Unable to retrieve content
Unable to retrieve content
Unable to retrieve content
Unable to retrieve content
OK - /HelloW Not available 
Unable to retrieve content
0Unable to retrieve content
Unable to retrieve content
OK - /HelloW Not available 
Unable to retrieve content
Unable to retrieve content
Unable to retrieve content
Unable to retrieve content
OK - /HelloW Not available 
Unable to retrieve content
0Unable to retrieve content
Unable to retrieve content
OK - /HelloW Not available 
Unable to retrieve content
Unable to retrieve content
Unable to retrieve content
Unable to retrieve content
OK - /HelloW Not available 
Unable to retrieve content
0Unable to retrieve content
Unable to retrieve content
OK - /HelloW Not available 
Unable to retrieve content
Unable to retrieve content
Unable to retrieve content
Unable to retrieve content
OK - /HelloW Not available 
Unable to retrieve content
0Unable to retrieve content
Unable to retrieve content
OK - /HelloW Not available 
Unable to retrieve content
Unable to retrieve content
Unable to retrieve content
Unable to retrieve content
OK - /HelloW Not available 
Unable to retrieve content
0Unable to retrieve content
Unable to retrieve content
OK - /HelloW Not available 
Unable to retrieve content
Unable to retrieve content
Unable to retrieve content
Unable to retrieve content
OK - /HelloW Not available 
Unable to retrieve content
0Unable to retrieve content
Unable to retrieve content
OK - /HelloW Not available 
Unable to retrieve content
Unable to retrieve content
Unable to retrieve content
Unable to retrieve content
OK - /HelloW Not available 
Unable to retrieve content
0Unable to retrieve content
Unable to retrieve content
OK - /HelloW Not available 
Unable to retrieve content
Unable to retrieve content
Unable to retrieve content
Unable to retrieve content
OK - /HelloW Not available 
Unable to retrieve content
0Unable to retrieve content
Unable to retrieve content
OK - /HelloW Not available 
Unable to retrieve content
Unable to retrieve content
Unable to retrieve content
Unable to retrieve content
OK - /HelloW Not available 
Unable to retrieve content
0Unable to retrieve content
Unable to retrieve content
OK - /HelloW Not available 
Unable to retrieve content
Unable to retrieve content
Unable to retrieve content
Unable to retrieve content
OK - /HelloW Not available 
Unable to retrieve content
0Unable to retrieve content
Unable to retrieve content
OK - /HelloW Not available 
Unable to retrieve content
Unable to retrieve content
Unable to retrieve content
Unable to retrieve content
OK - /HelloW Not available 
Unable to retrieve content
0Unable to retrieve content
Unable to retrieve content
OK - /HelloW Not available 
Unable to retrieve content
Unable to retrieve content
Unable to retrieve content
Unable to retrieve content
OK - /HelloW Not available 
Unable to retrieve content
0Unable to retrieve content
Unable to retrieve content
OK - /HelloW Not available 
Unable to retrieve content
Unable to retrieve content
Unable to retrieve content
Unable to retrieve content
OK - /HelloW Not available 
Unable to retrieve content
0Unable to retrieve content
Unable to retrieve content
OK - /HelloW Not available 
Unable to retrieve content
Unable to retrieve content
Unable to retrieve content
Unable to retrieve content
OK - /HelloW Not available 
Unable to retrieve content
0Unable to retrieve content
Unable to retrieve content
OK - /HelloW Not available 
Unable to retrieve content
Unable to retrieve content
Unable to retrieve content
Unable to retrieve content
OK - /HelloW Not available 
Unable to retrieve content
0Unable to retrieve content
Unable to retrieve content
OK - /HelloW Not available 
Unable to retrieve content
Unable to retrieve content
Unable to retrieve content
Unable to retrieve content
OK - /HelloW Not available 
Unable to retrieve content
0Unable to retrieve content
Unable to retrieve content
OK - /HelloW Not available 
Unable to retrieve content
Unable to retrieve content
Unable to retrieve content
Unable to retrieve content
OK - /HelloW Not available 
Unable to retrieve content
0Unable to retrieve content
Unable to retrieve content
OK - /HelloW Not available 
Unable to retrieve content
Unable to retrieve content
Unable to retrieve content
Unable to retrieve content
OK - /HelloW Not available 
Unable to retrieve content
0Unable to retrieve content
Unable to retrieve content
OK - /HelloW Not available 
Unable to retrieve content
Unable to retrieve content
Unable to retrieve content
Unable to retrieve content
OK - /HelloW Not available 
Unable to retrieve content
0Unable to retrieve content
Unable to retrieve content
OK - /HelloW Not available 
Unable to retrieve content
Unable to retrieve content
Unable to retrieve content
Unable to retrieve content
OK - /HelloW Not available 
Unable to retrieve content
0Unable to retrieve content
Unable to retrieve content
OK - /HelloW Not available 
Unable to retrieve content
Unable to retrieve content
Unable to retrieve content
Unable to retrieve content
OK - /HelloW Not available 
Unable to retrieve content
0Unable to retrieve content
Unable to retrieve content
OK - /HelloW Not available 
Unable to retrieve content
Unable to retrieve content
Unable to retrieve content
Unable to retrieve content
OK - /HelloW Not available 
Unable to retrieve content
0Unable to retrieve content
Unable to retrieve content
OK - /HelloW Not available 
Unable to retrieve content
Unable to retrieve content
Unable to retrieve content
Unable to retrieve content
OK - /HelloW Not available 
Unable to retrieve content
0Unable to retrieve content
Unable to retrieve content
OK - /HelloW Not available 
Unable to retrieve content
Unable to retrieve content
Unable to retrieve content
Unable to retrieve content
OK - /HelloW Not available 
Unable to retrieve content
0Unable to retrieve content
Unable to retrieve content
OK - /HelloW Not available 
Unable to retrieve content
Unable to retrieve content
Unable to retrieve content
Unable to retrieve content
OK - /HelloW Not available 
Unable to retrieve content
0Unable to retrieve content
Unable to retrieve content
OK - /HelloW Not available 
Unable to retrieve content
Unable to retrieve content
Unable to retrieve content
Unable to retrieve content
OK - /HelloW Not available 
Unable to retrieve content
0Unable to retrieve content
Unable to retrieve content
OK - /HelloW Not available 
Unable to retrieve content
Unable to retrieve content
Unable to retrieve content
Unable to retrieve content
OK - /HelloW Not available 
Unable to retrieve content
0Unable to retrieve content
Unable to retrieve content
OK - /HelloW Not available 
Unable to retrieve content
Unable to retrieve content
Unable to retrieve content
Unable to retrieve content
OK - /HelloW Not available 
Unable to retrieve content
0Unable to retrieve content
Unable to retrieve content
OK - /HelloW Not available 
Unable to retrieve content
Unable to retrieve content
Unable to retrieve content
Unable to retrieve content
OK - /HelloW Not available 
Unable to retrieve content
0Unable to retrieve content
Unable to retrieve content
OK - /HelloW Not available 
Unable to retrieve content
Unable to retrieve content
Unable to retrieve content
Unable to retrieve content
OK - /HelloW Not available 
Unable to retrieve content
0Unable to retrieve content
Unable to retrieve content
OK - /HelloW Not available 
Unable to retrieve content
Unable to retrieve content
Unable to retrieve content
Unable to retrieve content
OK - /HelloW Not available 
Unable to retrieve content
0Unable to retrieve content
Unable to retrieve content
OK - /HelloW Not available 
Unable to retrieve content
Unable to retrieve content
Unable to retrieve content
Unable to retrieve content
OK - /HelloW Not available 
Unable to retrieve content
0Unable to retrieve content
Unable to retrieve content
OK - /HelloW Not available 
Unable to retrieve content
Unable to retrieve content
Unable to retrieve content
Unable to retrieve content
OK - /HelloW Not available 
Unable to retrieve content
0Unable to retrieve content
Unable to retrieve content
OK - /HelloW Not available 
Unable to retrieve content
Unable to retrieve content
Unable to retrieve content
Unable to retrieve content
OK - /HelloW Not available 
Unable to retrieve content
0Unable to retrieve content
Unable to retrieve content
OK - /HelloW Not available 
Unable to retrieve content
Unable to retrieve content
Unable to retrieve content
Unable to retrieve content
OK - /HelloW Not available 
Unable to retrieve content
0Unable to retrieve content
Unable to retrieve content
OK - /HelloW Not available 
Unable to retrieve content
Unable to retrieve content
Unable to retrieve content
Unable to retrieve content
OK - /HelloW Not available 
Unable to retrieve content
0Unable to retrieve content
Unable to retrieve content
OK - /HelloW Not available 
Unable to retrieve content
Unable to retrieve content
Unable to retrieve content
Unable to retrieve content
OK - /HelloW Not available 
Unable to retrieve content
0Unable to retrieve content
Unable to retrieve content
OK - /HelloW Not available 
Unable to retrieve content
Unable to retrieve content
Unable to retrieve content
Unable to retrieve content
OK - /HelloW Not available 
Unable to retrieve content
0Unable to retrieve content
Unable to retrieve content
OK - /HelloW Not available 
Unable to retrieve content
Unable to retrieve content
Unable to retrieve content
Unable to retrieve content
OK - /HelloW Not available 
Unable to retrieve content
0Unable to retrieve content
Unable to retrieve content
OK - /HelloW Not available 
Unable to retrieve content
Unable to retrieve content
Unable to retrieve content
Unable to retrieve content
OK - /HelloW Not available 
Unable to retrieve content
0Unable to retrieve content
Unable to retrieve content
OK - /HelloW Not available 
Unable to retrieve content
Unable to retrieve content
Unable to retrieve content
Unable to retrieve content
OK - /HelloW Not available 
Unable to retrieve content
0Unable to retrieve content
Unable to retrieve content
OK - /HelloW Not available 
Unable to retrieve content
Unable to retrieve content
Unable to retrieve content
Unable to retrieve content
OK - /HelloW Not available 
Unable to retrieve content
0Unable to retrieve content
Unable to retrieve content
OK - /HelloW Not available 
Unable to retrieve content
Unable to retrieve content
Unable to retrieve content
Unable to retrieve content
OK - /HelloW Not available 
Unable to retrieve content
0Unable to retrieve content
Unable to retrieve content
OK - /HelloW Not available 
Unable to retrieve content
Unable to retrieve content
Unable to retrieve content
Unable to retrieve content
OK - /HelloW Not available 
Unable to retrieve content
0Unable to retrieve content
Unable to retrieve content
OK - /HelloW Not available 
Unable to retrieve content
Unable to retrieve content
Unable to retrieve content
Unable to retrieve content
OK - /HelloW Not available 
Unable to retrieve content
0Unable to retrieve content
Unable to retrieve content
OK - /HelloW Not available 
Unable to retrieve content
Unable to retrieve content
Unable to retrieve content
Unable to retrieve content
OK - /HelloW Not available 
Unable to retrieve content
0Unable to retrieve content
Unable to retrieve content
OK - /HelloW Not available 
Unable to retrieve content
Unable to retrieve content
Unable to retrieve content
Unable to retrieve content
OK - /HelloW Not available 
Unable to retrieve content
0Unable to retrieve content
Unable to retrieve content
OK - /HelloW Not available 
Unable to retrieve content
Unable to retrieve content
Unable to retrieve content
Unable to retrieve content
OK - /HelloW Not available 
Unable to retrieve content
0Unable to retrieve content
Unable to retrieve content
OK - /HelloW Not available 
Unable to retrieve content
Unable to retrieve content
Unable to retrieve content
Unable to retrieve content
OK - /HelloW Not available 
Unable to retrieve content
0Unable to retrieve content
Unable to retrieve content
OK - /HelloW Not available 
Unable to retrieve content
Unable to retrieve content
Unable to retrieve content
Unable to retrieve content
OK - /HelloW Not available 
Unable to retrieve content
0Unable to retrieve content
Unable to retrieve content
OK - /HelloW Not available 
Unable to retrieve content
Unable to retrieve content
Unable to retrieve content
Unable to retrieve content
OK - /HelloW Not available 
Unable to retrieve content
0Unable to retrieve content
Unable to retrieve content
OK - /HelloW Not available 
Unable to retrieve content
Unable to retrieve content
Unable to retrieve content
Unable to retrieve content
OK - /HelloW Not available 
Unable to retrieve content
0Unable to retrieve content
Unable to retrieve content
OK - /HelloW Not available 
Unable to retrieve content
Unable to retrieve content
Unable to retrieve content
Unable to retrieve content
OK - /HelloW Not available 
Unable to retrieve content
0Unable to retrieve content
Unable to retrieve content
OK - /HelloW Not available 
Unable to retrieve content
Unable to retrieve content
Unable to retrieve content
Unable to retrieve content
OK - /HelloW Not available 
Unable to retrieve content
0Unable to retrieve content
Unable to retrieve content
OK - /HelloW Not available 
Unable to retrieve content
Unable to retrieve content
Unable to retrieve content
Unable to retrieve content
OK - /HelloW Not available 
OK - Deployed application at context path /HelloW
OK - Started application at context path /HelloW
OK - Webapp /HelloW Available 
OK - Session information for application at context path /HelloW
Default maximum session inactive interval 30 minutes
>0 minutes: 0 sessions were expired
OK - Stopped application at context path /HelloW
OK - Undeployed application at context path /HelloW
Unable to retrieve content
OK - /HelloW Not available 
Unable to retrieve content
0Unable to retrieve content
Unable to retrieve content
OK - /HelloW Not available 
Unable to retrieve content
Unable to retrieve content
Unable to retrieve content
Unable to retrieve content
OK - /HelloW Not available 
OK - Deployed application at context path /HelloW
OK - Started application at context path /HelloW
OK - Webapp /HelloW Available 
OK - Session information for application at context path /HelloW
Default maximum session inactive interval 30 minutes
>0 minutes: 0 sessions were expired
OK - Stopped application at context path /HelloW
OK - Undeployed application at context path /HelloW
Unable to retrieve content
OK - /HelloW Not available 
OK - Deployed application at context path /HelloW
OK - Started application at context path /HelloW
OK - Webapp /HelloW Available 
OK - Session information for application at context path /HelloW
Default maximum session inactive interval 30 minutes
>0 minutes: 0 sessions were expired
OK - Stopped application at context path /HelloW
OK - Undeployed application at context path /HelloW
Unable to retrieve content
OK - /HelloW Not available 
OK - Deployed application at context path /HelloW
OK - Started application at context path /HelloW
OK - Webapp /HelloW Available 
OK - Session information for application at context path /HelloW
Default maximum session inactive interval 30 minutes
>0 minutes: 0 sessions were expired
OK - Stopped application at context path /HelloW
OK - Undeployed application at context path /HelloW
Unable to retrieve content
OK - /HelloW Not available 
OK - Deployed application at context path /HelloW
OK - Started application at context path /HelloW
OK - Webapp /HelloW Available 
OK - Session information for application at context path /HelloW
Default maximum session inactive interval 30 minutes
>0 minutes: 0 sessions were expired
OK - Stopped application at context path /HelloW
OK - Undeployed application at context path /HelloW
Unable to retrieve content
OK - /HelloW Not available 
OK - Deployed application at context path /HelloW
OK - Started application at context path /HelloW
OK - Webapp /HelloW Available 
OK - Session information for application at context path /HelloW
Default maximum session inactive interval 30 minutes
>0 minutes: 0 sessions were expired
OK - Stopped application at context path /HelloW
OK - Undeployed application at context path /HelloW
Unable to retrieve content
OK - /HelloW Not available 
OK - Deployed application at context path /HelloW
OK - Started application at context path /HelloW
OK - Webapp /HelloW Available 
OK - Session information for application at context path /HelloW
Default maximum session inactive interval 30 minutes
>0 minutes: 0 sessions were expired
OK - Stopped application at context path /HelloW
OK - Undeployed application at context path /HelloW
Unable to retrieve content
OK - /HelloW Not available 
OK - Deployed application at context path /HelloW
OK - Started application at context path /HelloW
OK - Webapp /HelloW Available 
OK - Session information for application at context path /HelloW
Default maximum session inactive interval 30 minutes
>0 minutes: 0 sessions were expired
OK - Stopped application at context path /HelloW
OK - Undeployed application at context path /HelloW
Unable to retrieve content
OK - /HelloW Not available 
OK - Deployed application at context path /HelloW
OK - Started application at context path /HelloW
OK - Webapp /HelloW Available 
OK - Session information for application at context path /HelloW
Default maximum session inactive interval 30 minutes
>0 minutes: 0 sessions were expired
OK - Stopped application at context path /HelloW
OK - Undeployed application at context path /HelloW
Unable to retrieve content
OK - /HelloW Not available 
OK - Deployed application at context path /HelloW
OK - Started application at context path /HelloW
OK - Webapp /HelloW Available 
OK - Session information for application at context path /HelloW
Default maximum session inactive interval 30 minutes
>0 minutes: 0 sessions were expired
OK - Stopped application at context path /HelloW
OK - Undeployed application at context path /HelloW
Unable to retrieve content
OK - /HelloW Not available 
OK - Deployed application at context path /HelloW
OK - Started application at context path /HelloW
OK - Webapp /HelloW Available 
OK - Session information for application at context path /HelloW
Default maximum session inactive interval 30 minutes
>0 minutes: 0 sessions were expired
OK - Stopped application at context path /HelloW
OK - Undeployed application at context path /HelloW
Unable to retrieve content
OK - /HelloW Not available 
OK - Deployed application at context path /HelloW
OK - Started application at context path /HelloW
OK - Webapp /HelloW Available 
OK - Session information for application at context path /HelloW
Default maximum session inactive interval 30 minutes
>0 minutes: 0 sessions were expired
OK - Stopped application at context path /HelloW
OK - Undeployed application at context path /HelloW
Unable to retrieve content
OK - /HelloW Not available 
OK - Deployed application at context path /HelloW
OK - Started application at context path /HelloW
OK - Webapp /HelloW Available 
OK - Session information for application at context path /HelloW
Default maximum session inactive interval 30 minutes
>0 minutes: 0 sessions were expired
OK - Stopped application at context path /HelloW
OK - Undeployed application at context path /HelloW
Unable to retrieve content
OK - /HelloW Not available 
OK - Deployed application at context path /HelloW
OK - Started application at context path /HelloW
OK - Webapp /HelloW Available 
OK - Session information for application at context path /HelloW
Default maximum session inactive interval 30 minutes
>0 minutes: 0 sessions were expired
OK - Stopped application at context path /HelloW
OK - Undeployed application at context path /HelloW
Unable to retrieve content
OK - /HelloW Not available 
OK - Deployed application at context path /HelloW
OK - Started application at context path /HelloW
OK - Webapp /HelloW Available 
OK - Session information for application at context path /HelloW
Default maximum session inactive interval 30 minutes
>0 minutes: 0 sessions were expired
OK - Stopped application at context path /HelloW
OK - Undeployed application at context path /HelloW
Unable to retrieve content
OK - /HelloW Not available 
OK - Deployed application at context path /HelloW
OK - Started application at context path /HelloW
OK - Webapp /HelloW Available 
OK - Session information for application at context path /HelloW
Default maximum session inactive interval 30 minutes
>0 minutes: 0 sessions were expired
OK - Stopped application at context path /HelloW
OK - Undeployed application at context path /HelloW
Unable to retrieve content
OK - /HelloW Not available 
Unable to retrieve content
0Unable to retrieve content
Unable to retrieve content
OK - /HelloW Not available 
Unable to retrieve content
Unable to retrieve content
Unable to retrieve content
Unable to retrieve content
OK - /HelloW Not available 
Unable to retrieve content
0Unable to retrieve content
Unable to retrieve content
OK - /HelloW Not available 
Unable to retrieve content
Unable to retrieve content
Unable to retrieve content
Unable to retrieve content
OK - /HelloW Not available 
Unable to retrieve content
0Unable to retrieve content
Unable to retrieve content
OK - /HelloW Not available 
Unable to retrieve content
Unable to retrieve content
Unable to retrieve content
Unable to retrieve content
OK - /HelloW Not available 
OK - Deployed application at context path /HelloW
OK - Started application at context path /HelloW
OK - Webapp /HelloW Available 
OK - Session information for application at context path /HelloW
Default maximum session inactive interval 30 minutes
>0 minutes: 0 sessions were expired
OK - Stopped application at context path /HelloW
OK - Undeployed application at context path /HelloW
Unable to retrieve content
OK - /HelloW Not available 
OK - Deployed application at context path /HelloW
OK - Started application at context path /HelloW
OK - Webapp /HelloW Available 
OK - Session information for application at context path /HelloW
Default maximum session inactive interval 30 minutes
>0 minutes: 0 sessions were expired
OK - Stopped application at context path /HelloW
OK - Undeployed application at context path /HelloW
Unable to retrieve content
OK - /HelloW Not available 
OK - Deployed application at context path /HelloW
OK - Started application at context path /HelloW
OK - Webapp /HelloW Available 
OK - Session information for application at context path /HelloW
Default maximum session inactive interval 30 minutes
>0 minutes: 0 sessions were expired
OK - Stopped application at context path /HelloW
OK - Undeployed application at context path /HelloW
Unable to retrieve content
OK - /HelloW Not available 
OK - Deployed application at context path /HelloW
OK - Started application at context path /HelloW
OK - Webapp /HelloW Available 
OK - Session information for application at context path /HelloW
Default maximum session inactive interval 30 minutes
>0 minutes: 0 sessions were expired
OK - Stopped application at context path /HelloW
OK - Undeployed application at context path /HelloW
Unable to retrieve content
OK - /HelloW Not available 
OK - Deployed application at context path /HelloW
OK - Started application at context path /HelloW
OK - Webapp /HelloW Available 
OK - Session information for application at context path /HelloW
Default maximum session inactive interval 30 minutes
>0 minutes: 0 sessions were expired
OK - Stopped application at context path /HelloW
OK - Undeployed application at context path /HelloW
Unable to retrieve content
OK - /HelloW Not available 
OK - Deployed application at context path /HelloW
OK - Started application at context path /HelloW
OK - Webapp /HelloW Available 
OK - Session information for application at context path /HelloW
Default maximum session inactive interval 30 minutes
>0 minutes: 0 sessions were expired
OK - Stopped application at context path /HelloW
OK - Undeployed application at context path /HelloW
Unable to retrieve content
OK - /HelloW Not available 
OK - Deployed application at context path /HelloW
OK - Started application at context path /HelloW
OK - Webapp /HelloW Available 
OK - Session information for application at context path /HelloW
Default maximum session inactive interval 30 minutes
>0 minutes: 0 sessions were expired
OK - Stopped application at context path /HelloW
OK - Undeployed application at context path /HelloW
Unable to retrieve content
OK - /HelloW Not available 
OK - Deployed application at context path /HelloW
OK - Started application at context path /HelloW
OK - Webapp /HelloW Available 
OK - Session information for application at context path /HelloW
Default maximum session inactive interval 30 minutes
>0 minutes: 0 sessions were expired
OK - Stopped application at context path /HelloW
OK - Undeployed application at context path /HelloW
Unable to retrieve content
OK - /HelloW Not available 
OK - Deployed application at context path /HelloW
OK - Started application at context path /HelloW
OK - Webapp /HelloW Available 
OK - Session information for application at context path /HelloW
Default maximum session inactive interval 30 minutes
>0 minutes: 0 sessions were expired
OK - Stopped application at context path /HelloW
OK - Undeployed application at context path /HelloW
Unable to retrieve content
OK - /HelloW Not available 
OK - Deployed application at context path /HelloW
OK - Started application at context path /HelloW
OK - Webapp /HelloW Available 
OK - Session information for application at context path /HelloW
Default maximum session inactive interval 30 minutes
>0 minutes: 0 sessions were expired
OK - Stopped application at context path /HelloW
OK - Undeployed application at context path /HelloW
Unable to retrieve content
OK - /HelloW Not available 
OK - Deployed application at context path /HelloW
OK - Started application at context path /HelloW
OK - Webapp /HelloW Available 
OK - Session information for application at context path /HelloW
Default maximum session inactive interval 30 minutes
>0 minutes: 0 sessions were expired
OK - Stopped application at context path /HelloW
OK - Undeployed application at context path /HelloW
Unable to retrieve content
OK - /HelloW Not available 
OK - Deployed application at context path /HelloW
OK - Started application at context path /HelloW
OK - Webapp /HelloW Available 
OK - Session information for application at context path /HelloW
Default maximum session inactive interval 30 minutes
>0 minutes: 0 sessions were expired
OK - Stopped application at context path /HelloW
OK - Undeployed application at context path /HelloW
Unable to retrieve content
OK - /HelloW Not available 
OK - Deployed application at context path /HelloW
OK - Started application at context path /HelloW
OK - Webapp /HelloW Available 
OK - Session information for application at context path /HelloW
Default maximum session inactive interval 30 minutes
>0 minutes: 0 sessions were expired
OK - Stopped application at context path /HelloW
OK - Undeployed application at context path /HelloW
Unable to retrieve content
OK - /HelloW Not available 
OK - Deployed application at context path /HelloW
OK - Started application at context path /HelloW
OK - Webapp /HelloW Available 
OK - Session information for application at context path /HelloW
Default maximum session inactive interval 30 minutes
>0 minutes: 0 sessions were expired
OK - Stopped application at context path /HelloW
OK - Undeployed application at context path /HelloW
Unable to retrieve content
OK - /HelloW Not available 
OK - Deployed application at context path /HelloW
OK - Started application at context path /HelloW
OK - Webapp /HelloW Available 
OK - Session information for application at context path /HelloW
Default maximum session inactive interval 30 minutes
>0 minutes: 0 sessions were expired
OK - Stopped application at context path /HelloW
OK - Undeployed application at context path /HelloW
Unable to retrieve content
OK - /HelloW Not available 
OK - Deployed application at context path /HelloW
OK - Started application at context path /HelloW
OK - Webapp /HelloW Available 
OK - Session information for application at context path /HelloW
Default maximum session inactive interval 30 minutes
>0 minutes: 0 sessions were expired
OK - Stopped application at context path /HelloW
OK - Undeployed application at context path /HelloW
Unable to retrieve content
OK - /HelloW Not available 
OK - Deployed application at context path /HelloW
OK - Started application at context path /HelloW
OK - Webapp /HelloW Available 
OK - Session information for application at context path /HelloW
Default maximum session inactive interval 30 minutes
>0 minutes: 0 sessions were expired
OK - Stopped application at context path /HelloW
OK - Undeployed application at context path /HelloW
Unable to retrieve content
OK - /HelloW Not available 
OK - Deployed application at context path /HelloW
OK - Started application at context path /HelloW
OK - Webapp /HelloW Available 
OK - Session information for application at context path /HelloW
Default maximum session inactive interval 30 minutes
>0 minutes: 0 sessions were expired
OK - Stopped application at context path /HelloW
OK - Undeployed application at context path /HelloW
Unable to retrieve content
OK - /HelloW Not available 
Unable to retrieve content
0Unable to retrieve content
Unable to retrieve content
OK - /HelloW Not available 
Unable to retrieve content
Unable to retrieve content
Unable to retrieve content
Unable to retrieve content
OK - /HelloW Not available 
Unable to retrieve content
0Unable to retrieve content
Unable to retrieve content
OK - /HelloW Not available 
Unable to retrieve content
Unable to retrieve content
Unable to retrieve content
Unable to retrieve content
OK - /HelloW Not available 
Unable to retrieve content
0Unable to retrieve content
Unable to retrieve content
OK - /HelloW Not available 
Unable to retrieve content
Unable to retrieve content
Unable to retrieve content
Unable to retrieve content
OK - /HelloW Not available 
Unable to retrieve content
0Unable to retrieve content
Unable to retrieve content
OK - /HelloW Not available 
Unable to retrieve content
Unable to retrieve content
Unable to retrieve content
Unable to retrieve content
OK - /HelloW Not available 
Unable to retrieve content
0Unable to retrieve content
Unable to retrieve content
OK - /HelloW Not available 
Unable to retrieve content
Unable to retrieve content
Unable to retrieve content
Unable to retrieve content
OK - /HelloW Not available 
Unable to retrieve content
0Unable to retrieve content
Unable to retrieve content
OK - /HelloW Not available 
Unable to retrieve content
Unable to retrieve content
Unable to retrieve content
Unable to retrieve content
OK - /HelloW Not available 
Unable to retrieve content
0Unable to retrieve content
Unable to retrieve content
OK - /HelloW Not available 
Unable to retrieve content
Unable to retrieve content
Unable to retrieve content
Unable to retrieve content
OK - /HelloW Not available 
Unable to retrieve content
0Unable to retrieve content
Unable to retrieve content
OK - /HelloW Not available 
Unable to retrieve content
Unable to retrieve content
Unable to retrieve content
Unable to retrieve content
OK - /HelloW Not available 
Unable to retrieve content
0Unable to retrieve content
Unable to retrieve content
OK - /HelloW Not available 
Unable to retrieve content
Unable to retrieve content
Unable to retrieve content
Unable to retrieve content
OK - /HelloW Not available 
Unable to retrieve content
0Unable to retrieve content
Unable to retrieve content
OK - 1 Not available 
Unable to retrieve content
Unable to retrieve content
Unable to retrieve content
Unable to retrieve content
OK - 1 Not available 
Unable to retrieve content
0Unable to retrieve content
Unable to retrieve content
OK - 1 Not available 
Unable to retrieve content
Unable to retrieve content
Unable to retrieve content
Unable to retrieve content
OK - 1 Not available 
Unable to retrieve content
0Unable to retrieve content
Unable to retrieve content
OK - 1 Not available 
Unable to retrieve content
Unable to retrieve content
Unable to retrieve content
Unable to retrieve content
OK - 1 Not available 
Unable to retrieve content
0Unable to retrieve content
Unable to retrieve content
OK - /HelloW Not available 
Unable to retrieve content
Unable to retrieve content
Unable to retrieve content
Unable to retrieve content
OK - /HelloW Not available 
OK - Deployed application at context path /HelloW
OK - Started application at context path /HelloW
OK - Webapp /HelloW Available 
OK - Session information for application at context path /HelloW
Default maximum session inactive interval 30 minutes
>0 minutes: 0 sessions were expired
OK - Stopped application at context path /HelloW
OK - Undeployed application at context path /HelloW
Unable to retrieve content
OK - /HelloW Not available 
OK - Deployed application at context path /HelloW
OK - Started application at context path /HelloW
OK - Webapp /HelloW Available 
OK - Session information for application at context path /HelloW
Default maximum session inactive interval 30 minutes
>0 minutes: 0 sessions were expired
OK - Stopped application at context path /HelloW
OK - Undeployed application at context path /HelloW
Unable to retrieve content
OK - /HelloW Not available 
OK - Deployed application at context path /HelloW
OK - Started application at context path /HelloW
OK - Webapp /HelloW Available 
OK - Session information for application at context path /HelloW
Default maximum session inactive interval 30 minutes
>0 minutes: 0 sessions were expired
OK - Stopped application at context path /HelloW
OK - Undeployed application at context path /HelloW
Unable to retrieve content
OK - /HelloW Not available 
Unable to retrieve content
0Unable to retrieve content
Unable to retrieve content
OK - 1 Not available 
Unable to retrieve content
Unable to retrieve content
Unable to retrieve content
Unable to retrieve content
OK - 1 Not available 
Unable to retrieve content
0Unable to retrieve content
Unable to retrieve content
OK -  Not available 
Unable to retrieve content
Unable to retrieve content
Unable to retrieve content
Unable to retrieve content
OK -  Not available 
OK - Deployed application at context path /HelloW
OK - Started application at context path /HelloW
OK - Webapp /HelloW Available 
OK - Session information for application at context path /HelloW
Default maximum session inactive interval 30 minutes
>0 minutes: 0 sessions were expired
OK - Stopped application at context path /HelloW
OK - Undeployed application at context path /HelloW
Unable to retrieve content
OK - /HelloW Not available 
OK - Deployed application at context path /HelloW
OK - Started application at context path /HelloW
OK - Webapp /HelloW Available 
OK - Session information for application at context path /HelloW
Default maximum session inactive interval 30 minutes
>0 minutes: 0 sessions were expired
OK - Stopped application at context path /HelloW
OK - Undeployed application at context path /HelloW
Unable to retrieve content
OK - /HelloW Not available 
OK - Deployed application at context path /HelloW
OK - Started application at context path /HelloW
OK - Webapp /HelloW Available 
OK - Session information for application at context path /HelloW
Default maximum session inactive interval 30 minutes
>0 minutes: 0 sessions were expired
OK - Stopped application at context path /HelloW
OK - Undeployed application at context path /HelloW
Unable to retrieve content
OK - /HelloW Not available 
OK - Deployed application at context path /HelloW
OK - Started application at context path /HelloW
OK - Webapp /HelloW Available 
OK - Session information for application at context path /HelloW
Default maximum session inactive interval 30 minutes
>0 minutes: 0 sessions were expired
OK - Stopped application at context path /HelloW
OK - Undeployed application at context path /HelloW
Unable to retrieve content
OK - /HelloW Not available 
OK - Deployed application at context path /HelloW
OK - Started application at context path /HelloW
OK - Webapp /HelloW Available 
OK - Session information for application at context path /HelloW
Default maximum session inactive interval 30 minutes
>0 minutes: 0 sessions were expired
OK - Stopped application at context path /HelloW
OK - Undeployed application at context path /HelloW
Unable to retrieve content
OK - /HelloW Not available 
Unable to retrieve content
0Unable to retrieve content
Unable to retrieve content
OK - /HelloW Not available 
Unable to retrieve content
Unable to retrieve content
Unable to retrieve content
Unable to retrieve content
OK - /HelloW Not available 
Unable to retrieve content
0Unable to retrieve content
Unable to retrieve content
OK - /HelloW Not available 
Unable to retrieve content
Unable to retrieve content
Unable to retrieve content
Unable to retrieve content
OK - /HelloW Not available 
Unable to retrieve content
0Unable to retrieve content
Unable to retrieve content
OK - /HelloW Not available 
Unable to retrieve content
Unable to retrieve content
Unable to retrieve content
Unable to retrieve content
OK - /HelloW Not available 
OK - Deployed application at context path /HelloW
OK - Started application at context path /HelloW
OK - Webapp /HelloW Available 
OK - Session information for application at context path /HelloW
Default maximum session inactive interval 30 minutes
>0 minutes: 0 sessions were expired
OK - Stopped application at context path /HelloW
OK - Undeployed application at context path /HelloW
Unable to retrieve content
OK - /HelloW Not available 
Unable to retrieve content
0Unable to retrieve content
Unable to retrieve content
OK - /HelloW Not available 
Unable to retrieve content
Unable to retrieve content
Unable to retrieve content
Unable to retrieve content
OK - /HelloW Not available 
OK - Deployed application at context path /HelloW
OK - Started application at context path /HelloW
OK - Webapp /HelloW Available 
OK - Session information for application at context path /HelloW
Default maximum session inactive interval 30 minutes
>0 minutes: 0 sessions were expired
OK - Stopped application at context path /HelloW
OK - Undeployed application at context path /HelloW
Unable to retrieve content
OK - /HelloW Not available 
OK - Deployed application at context path /HelloConsole
FAIL - Application already exists at path /HelloConsole
0OK - Undeployed application at context path /HelloConsole
FAIL - Failed to deploy application at context path /HelloWordApp
0FAIL - No context exists for path /HelloWordApp
Unable to retrieve content
OK - /HelloWordApp Not available 
FAIL - No context exists for path /HelloWordApp
FAIL - No context exists for path /HelloWordApp
FAIL - No context exists for path /HelloWordApp
Unable to retrieve content
OK - /HelloWordApp Not available 
FAIL - Failed to deploy application at context path /MyWebApp
0FAIL - No context exists for path /MyWebApp
Unable to retrieve content
OK - /MyWebApp Not available 
FAIL - No context exists for path /MyWebApp
FAIL - No context exists for path /MyWebApp
FAIL - No context exists for path /MyWebApp
Unable to retrieve content
OK - /MyWebApp Not available 
OK - Deployed application at context path /MyWebApp
OK - Started application at context path /MyWebApp
OK - Webapp /MyWebApp Available 
OK - Session information for application at context path /MyWebApp
Default maximum session inactive interval 30 minutes
>0 minutes: 0 sessions were expired
OK - Stopped application at context path /MyWebApp
OK - Undeployed application at context path /MyWebApp
Unable to retrieve content
OK - /MyWebApp Not available 
